Archive member included because of file (symbol)

p:/mhv-avr-tools/bin/../lib/gcc/avr/4.8.2/avr5\libgcc.a(_exit.o)
                              p:/mhv-avr-tools/bin/../lib/gcc/avr/4.8.2/../../../../avr/lib/avr5/crtm328p.o (exit)
p:/mhv-avr-tools/bin/../lib/gcc/avr/4.8.2/avr5\libgcc.a(_copy_data.o)
                              ./main.o (__do_copy_data)
p:/mhv-avr-tools/bin/../lib/gcc/avr/4.8.2/avr5\libgcc.a(_clear_bss.o)
                              ./millis.o (__do_clear_bss)

Memory Configuration

Name             Origin             Length             Attributes
text             0x00000000         0x00020000         xr
data             0x00800060         0x0000ffa0         rw !x
eeprom           0x00810000         0x00010000         rw !x
fuse             0x00820000         0x00000400         rw !x
lock             0x00830000         0x00000400         rw !x
signature        0x00840000         0x00000400         rw !x
*default*        0x00000000         0xffffffff

Linker script and memory map

Address of section .data set to 0x800100
LOAD p:/mhv-avr-tools/bin/../lib/gcc/avr/4.8.2/../../../../avr/lib/avr5/crtm328p.o
LOAD ./main.o
LOAD ./millis.o
START GROUP
LOAD p:/mhv-avr-tools/bin/../lib/gcc/avr/4.8.2/avr5\libgcc.a
LOAD p:/mhv-avr-tools/bin/../lib/gcc/avr/4.8.2/../../../../avr/lib/avr5\libm.a
LOAD p:/mhv-avr-tools/bin/../lib/gcc/avr/4.8.2/../../../../avr/lib/avr5\libc.a
END GROUP

.hash
 *(.hash)

.dynsym
 *(.dynsym)

.dynstr
 *(.dynstr)

.gnu.version
 *(.gnu.version)

.gnu.version_d
 *(.gnu.version_d)

.gnu.version_r
 *(.gnu.version_r)

.rel.init
 *(.rel.init)

.rela.init
 *(.rela.init)

.rel.text
 *(.rel.text)
 *(.rel.text.*)
 *(.rel.gnu.linkonce.t*)

.rela.text
 *(.rela.text)
 *(.rela.text.*)
 *(.rela.gnu.linkonce.t*)

.rel.fini
 *(.rel.fini)

.rela.fini
 *(.rela.fini)

.rel.rodata
 *(.rel.rodata)
 *(.rel.rodata.*)
 *(.rel.gnu.linkonce.r*)

.rela.rodata
 *(.rela.rodata)
 *(.rela.rodata.*)
 *(.rela.gnu.linkonce.r*)

.rel.data
 *(.rel.data)
 *(.rel.data.*)
 *(.rel.gnu.linkonce.d*)

.rela.data
 *(.rela.data)
 *(.rela.data.*)
 *(.rela.gnu.linkonce.d*)

.rel.ctors
 *(.rel.ctors)

.rela.ctors
 *(.rela.ctors)

.rel.dtors
 *(.rel.dtors)

.rela.dtors
 *(.rela.dtors)

.rel.got
 *(.rel.got)

.rela.got
 *(.rela.got)

.rel.bss
 *(.rel.bss)

.rela.bss
 *(.rela.bss)

.rel.plt
 *(.rel.plt)

.rela.plt
 *(.rela.plt)

.text           0x00000000      0x274
 *(.vectors)
 .vectors       0x00000000       0x68 p:/mhv-avr-tools/bin/../lib/gcc/avr/4.8.2/../../../../avr/lib/avr5/crtm328p.o
                0x00000000                __vector_default
                0x00000000                __vectors
 *(.vectors)
 *(.progmem.gcc*)
                0x00000068                . = ALIGN (0x2)
                0x00000068                __trampolines_start = .
 *(.trampolines)
 .trampolines   0x00000068        0x0 linker stubs
 *(.trampolines*)
                0x00000068                __trampolines_end = .
 *(.progmem*)
                0x00000068                . = ALIGN (0x2)
 *(.jumptables)
 *(.jumptables*)
 *(.lowtext)
 *(.lowtext*)
                0x00000068                __ctors_start = .
 *(.ctors)
                0x00000068                __ctors_end = .
                0x00000068                __dtors_start = .
 *(.dtors)
                0x00000068                __dtors_end = .
 SORT(*)(.ctors)
 SORT(*)(.dtors)
 *(.init0)
 .init0         0x00000068        0x0 p:/mhv-avr-tools/bin/../lib/gcc/avr/4.8.2/../../../../avr/lib/avr5/crtm328p.o
                0x00000068                __init
 *(.init0)
 *(.init1)
 *(.init1)
 *(.init2)
 .init2         0x00000068        0xc p:/mhv-avr-tools/bin/../lib/gcc/avr/4.8.2/../../../../avr/lib/avr5/crtm328p.o
 *(.init2)
 *(.init3)
 *(.init3)
 *(.init4)
 .init4         0x00000074       0x16 p:/mhv-avr-tools/bin/../lib/gcc/avr/4.8.2/avr5\libgcc.a(_copy_data.o)
                0x00000074                __do_copy_data
 .init4         0x0000008a       0x10 p:/mhv-avr-tools/bin/../lib/gcc/avr/4.8.2/avr5\libgcc.a(_clear_bss.o)
                0x0000008a                __do_clear_bss
 *(.init4)
 *(.init5)
 *(.init5)
 *(.init6)
 *(.init6)
 *(.init7)
 *(.init7)
 *(.init8)
 *(.init8)
 *(.init9)
 .init9         0x0000009a        0x8 p:/mhv-avr-tools/bin/../lib/gcc/avr/4.8.2/../../../../avr/lib/avr5/crtm328p.o
 *(.init9)
 *(.text)
 .text          0x000000a2        0x4 p:/mhv-avr-tools/bin/../lib/gcc/avr/4.8.2/../../../../avr/lib/avr5/crtm328p.o
                0x000000a2                __vector_22
                0x000000a2                __vector_1
                0x000000a2                __vector_24
                0x000000a2                __vector_12
                0x000000a2                __bad_interrupt
                0x000000a2                __vector_6
                0x000000a2                __vector_3
                0x000000a2                __vector_23
                0x000000a2                __vector_25
                0x000000a2                __vector_11
                0x000000a2                __vector_13
                0x000000a2                __vector_17
                0x000000a2                __vector_19
                0x000000a2                __vector_7
                0x000000a2                __vector_5
                0x000000a2                __vector_4
                0x000000a2                __vector_9
                0x000000a2                __vector_2
                0x000000a2                __vector_21
                0x000000a2                __vector_15
                0x000000a2                __vector_8
                0x000000a2                __vector_10
                0x000000a2                __vector_16
                0x000000a2                __vector_18
                0x000000a2                __vector_20
 .text          0x000000a6        0x0 ./main.o
 .text          0x000000a6        0x0 ./millis.o
 .text          0x000000a6        0x0 p:/mhv-avr-tools/bin/../lib/gcc/avr/4.8.2/avr5\libgcc.a(_exit.o)
 .text          0x000000a6        0x0 p:/mhv-avr-tools/bin/../lib/gcc/avr/4.8.2/avr5\libgcc.a(_copy_data.o)
 .text          0x000000a6        0x0 p:/mhv-avr-tools/bin/../lib/gcc/avr/4.8.2/avr5\libgcc.a(_clear_bss.o)
                0x000000a6                . = ALIGN (0x2)
 *(.text.*)
 .text.main     0x000000a6       0xc6 ./main.o
                0x000000a6                main
 .text.__vector_14
                0x0000016c       0x5a ./millis.o
                0x0000016c                __vector_14
 .text.millisInit
                0x000001c6       0x68 ./millis.o
                0x000001c6                millisInit
 .text.millis   0x0000022e       0x42 ./millis.o
                0x0000022e                millis
 .text.libgcc.mul
                0x00000270        0x0 p:/mhv-avr-tools/bin/../lib/gcc/avr/4.8.2/avr5\libgcc.a(_exit.o)
 .text.libgcc.div
                0x00000270        0x0 p:/mhv-avr-tools/bin/../lib/gcc/avr/4.8.2/avr5\libgcc.a(_exit.o)
 .text.libgcc   0x00000270        0x0 p:/mhv-avr-tools/bin/../lib/gcc/avr/4.8.2/avr5\libgcc.a(_exit.o)
 .text.libgcc.prologue
                0x00000270        0x0 p:/mhv-avr-tools/bin/../lib/gcc/avr/4.8.2/avr5\libgcc.a(_exit.o)
 .text.libgcc.builtins
                0x00000270        0x0 p:/mhv-avr-tools/bin/../lib/gcc/avr/4.8.2/avr5\libgcc.a(_exit.o)
 .text.libgcc.fmul
                0x00000270        0x0 p:/mhv-avr-tools/bin/../lib/gcc/avr/4.8.2/avr5\libgcc.a(_exit.o)
 .text.libgcc.fixed
                0x00000270        0x0 p:/mhv-avr-tools/bin/../lib/gcc/avr/4.8.2/avr5\libgcc.a(_exit.o)
 .text.libgcc.mul
                0x00000270        0x0 p:/mhv-avr-tools/bin/../lib/gcc/avr/4.8.2/avr5\libgcc.a(_copy_data.o)
 .text.libgcc.div
                0x00000270        0x0 p:/mhv-avr-tools/bin/../lib/gcc/avr/4.8.2/avr5\libgcc.a(_copy_data.o)
 .text.libgcc   0x00000270        0x0 p:/mhv-avr-tools/bin/../lib/gcc/avr/4.8.2/avr5\libgcc.a(_copy_data.o)
 .text.libgcc.prologue
                0x00000270        0x0 p:/mhv-avr-tools/bin/../lib/gcc/avr/4.8.2/avr5\libgcc.a(_copy_data.o)
 .text.libgcc.builtins
                0x00000270        0x0 p:/mhv-avr-tools/bin/../lib/gcc/avr/4.8.2/avr5\libgcc.a(_copy_data.o)
 .text.libgcc.fmul
                0x00000270        0x0 p:/mhv-avr-tools/bin/../lib/gcc/avr/4.8.2/avr5\libgcc.a(_copy_data.o)
 .text.libgcc.fixed
                0x00000270        0x0 p:/mhv-avr-tools/bin/../lib/gcc/avr/4.8.2/avr5\libgcc.a(_copy_data.o)
 .text.libgcc.mul
                0x00000270        0x0 p:/mhv-avr-tools/bin/../lib/gcc/avr/4.8.2/avr5\libgcc.a(_clear_bss.o)
 .text.libgcc.div
                0x00000270        0x0 p:/mhv-avr-tools/bin/../lib/gcc/avr/4.8.2/avr5\libgcc.a(_clear_bss.o)
 .text.libgcc   0x00000270        0x0 p:/mhv-avr-tools/bin/../lib/gcc/avr/4.8.2/avr5\libgcc.a(_clear_bss.o)
 .text.libgcc.prologue
                0x00000270        0x0 p:/mhv-avr-tools/bin/../lib/gcc/avr/4.8.2/avr5\libgcc.a(_clear_bss.o)
 .text.libgcc.builtins
                0x00000270        0x0 p:/mhv-avr-tools/bin/../lib/gcc/avr/4.8.2/avr5\libgcc.a(_clear_bss.o)
 .text.libgcc.fmul
                0x00000270        0x0 p:/mhv-avr-tools/bin/../lib/gcc/avr/4.8.2/avr5\libgcc.a(_clear_bss.o)
 .text.libgcc.fixed
                0x00000270        0x0 p:/mhv-avr-tools/bin/../lib/gcc/avr/4.8.2/avr5\libgcc.a(_clear_bss.o)
                0x00000270                . = ALIGN (0x2)
 *(.fini9)
 .fini9         0x00000270        0x0 p:/mhv-avr-tools/bin/../lib/gcc/avr/4.8.2/avr5\libgcc.a(_exit.o)
                0x00000270                _exit
                0x00000270                exit
 *(.fini9)
 *(.fini8)
 *(.fini8)
 *(.fini7)
 *(.fini7)
 *(.fini6)
 *(.fini6)
 *(.fini5)
 *(.fini5)
 *(.fini4)
 *(.fini4)
 *(.fini3)
 *(.fini3)
 *(.fini2)
 *(.fini2)
 *(.fini1)
 *(.fini1)
 *(.fini0)
 .fini0         0x00000270        0x4 p:/mhv-avr-tools/bin/../lib/gcc/avr/4.8.2/avr5\libgcc.a(_exit.o)
 *(.fini0)
                0x00000274                _etext = .

.data           0x00800100        0x4 load address 0x00000274
                0x00800100                PROVIDE (__data_start, .)
 *(.data)
 .data          0x00800100        0x0 p:/mhv-avr-tools/bin/../lib/gcc/avr/4.8.2/../../../../avr/lib/avr5/crtm328p.o
 .data          0x00800100        0x0 ./main.o
 .data          0x00800100        0x0 ./millis.o
 .data          0x00800100        0x0 p:/mhv-avr-tools/bin/../lib/gcc/avr/4.8.2/avr5\libgcc.a(_exit.o)
 .data          0x00800100        0x0 p:/mhv-avr-tools/bin/../lib/gcc/avr/4.8.2/avr5\libgcc.a(_copy_data.o)
 .data          0x00800100        0x0 p:/mhv-avr-tools/bin/../lib/gcc/avr/4.8.2/avr5\libgcc.a(_clear_bss.o)
 *(.data*)
 .data.interval
                0x00800100        0x4 ./main.o
                0x00800100                interval
 *(.rodata)
 *(.rodata*)
 *(.gnu.linkonce.d*)
                0x00800104                . = ALIGN (0x2)
                0x00800104                _edata = .
                0x00800104                PROVIDE (__data_end, .)

.bss            0x00800104        0x4
                0x00800104                PROVIDE (__bss_start, .)
 *(.bss)
 .bss           0x00800104        0x0 p:/mhv-avr-tools/bin/../lib/gcc/avr/4.8.2/../../../../avr/lib/avr5/crtm328p.o
 .bss           0x00800104        0x0 ./main.o
 .bss           0x00800104        0x0 ./millis.o
 .bss           0x00800104        0x0 p:/mhv-avr-tools/bin/../lib/gcc/avr/4.8.2/avr5\libgcc.a(_exit.o)
 .bss           0x00800104        0x0 p:/mhv-avr-tools/bin/../lib/gcc/avr/4.8.2/avr5\libgcc.a(_copy_data.o)
 .bss           0x00800104        0x0 p:/mhv-avr-tools/bin/../lib/gcc/avr/4.8.2/avr5\libgcc.a(_clear_bss.o)
 *(.bss*)
 .bss.elapsedMillis
                0x00800104        0x4 ./millis.o
 *(COMMON)
                0x00800108                PROVIDE (__bss_end, .)
                0x00000274                __data_load_start = LOADADDR (.data)
                0x00000278                __data_load_end = (__data_load_start + SIZEOF (.data))

.noinit         0x00800108        0x0
                0x00800108                PROVIDE (__noinit_start, .)
 *(.noinit*)
                0x00800108                PROVIDE (__noinit_end, .)
                0x00800108                _end = .
                0x00800108                PROVIDE (__heap_start, .)

.eeprom         0x00810000        0x0
 *(.eeprom*)
                0x00810000                __eeprom_end = .

.fuse
 *(.fuse)
 *(.lfuse)
 *(.hfuse)
 *(.efuse)

.lock
 *(.lock*)

.signature
 *(.signature*)

.stab           0x00000000      0xa08
 *(.stab)
 .stab          0x00000000      0x618 ./main.o
 .stab          0x00000618      0x3f0 ./millis.o
                                0x654 (size before relaxing)

.stabstr        0x00000000      0xf30
 *(.stabstr)
 .stabstr       0x00000000      0xf30 ./main.o

.stab.excl
 *(.stab.excl)

.stab.exclstr
 *(.stab.exclstr)

.stab.index
 *(.stab.index)

.stab.indexstr
 *(.stab.indexstr)

.comment        0x00000000       0x27
 *(.comment)
 .comment       0x00000000       0x27 ./main.o
                                 0x28 (size before relaxing)
 .comment       0x00000000       0x28 ./millis.o

.note.gnu.build-id
 *(.note.gnu.build-id)

.debug
 *(.debug)

.line
 *(.line)

.debug_srcinfo
 *(.debug_srcinfo)

.debug_sfnames
 *(.debug_sfnames)

.debug_aranges  0x00000000       0x60
 *(.debug_aranges)
 .debug_aranges
                0x00000000       0x20 p:/mhv-avr-tools/bin/../lib/gcc/avr/4.8.2/avr5\libgcc.a(_exit.o)
 .debug_aranges
                0x00000020       0x20 p:/mhv-avr-tools/bin/../lib/gcc/avr/4.8.2/avr5\libgcc.a(_copy_data.o)
 .debug_aranges
                0x00000040       0x20 p:/mhv-avr-tools/bin/../lib/gcc/avr/4.8.2/avr5\libgcc.a(_clear_bss.o)

.debug_pubnames
 *(.debug_pubnames)

.debug_info     0x00000000      0x7cb
 *(.debug_info .gnu.linkonce.wi.*)
 .debug_info    0x00000000      0x5f4 p:/mhv-avr-tools/bin/../lib/gcc/avr/4.8.2/../../../../avr/lib/avr5/crtm328p.o
 .debug_info    0x000005f4       0x9d p:/mhv-avr-tools/bin/../lib/gcc/avr/4.8.2/avr5\libgcc.a(_exit.o)
 .debug_info    0x00000691       0x9d p:/mhv-avr-tools/bin/../lib/gcc/avr/4.8.2/avr5\libgcc.a(_copy_data.o)
 .debug_info    0x0000072e       0x9d p:/mhv-avr-tools/bin/../lib/gcc/avr/4.8.2/avr5\libgcc.a(_clear_bss.o)

.debug_abbrev   0x00000000      0x5de
 *(.debug_abbrev)
 .debug_abbrev  0x00000000      0x5a2 p:/mhv-avr-tools/bin/../lib/gcc/avr/4.8.2/../../../../avr/lib/avr5/crtm328p.o
 .debug_abbrev  0x000005a2       0x14 p:/mhv-avr-tools/bin/../lib/gcc/avr/4.8.2/avr5\libgcc.a(_exit.o)
 .debug_abbrev  0x000005b6       0x14 p:/mhv-avr-tools/bin/../lib/gcc/avr/4.8.2/avr5\libgcc.a(_copy_data.o)
 .debug_abbrev  0x000005ca       0x14 p:/mhv-avr-tools/bin/../lib/gcc/avr/4.8.2/avr5\libgcc.a(_clear_bss.o)

.debug_line     0x00000000      0x164
 *(.debug_line .debug_line.* .debug_line_end)
 .debug_line    0x00000000       0x1a p:/mhv-avr-tools/bin/../lib/gcc/avr/4.8.2/../../../../avr/lib/avr5/crtm328p.o
 .debug_line    0x0000001a       0x69 p:/mhv-avr-tools/bin/../lib/gcc/avr/4.8.2/avr5\libgcc.a(_exit.o)
 .debug_line    0x00000083       0x72 p:/mhv-avr-tools/bin/../lib/gcc/avr/4.8.2/avr5\libgcc.a(_copy_data.o)
 .debug_line    0x000000f5       0x6f p:/mhv-avr-tools/bin/../lib/gcc/avr/4.8.2/avr5\libgcc.a(_clear_bss.o)

.debug_frame
 *(.debug_frame)

.debug_str      0x00000000      0x20b
 *(.debug_str)
 .debug_str     0x00000000      0x20b p:/mhv-avr-tools/bin/../lib/gcc/avr/4.8.2/../../../../avr/lib/avr5/crtm328p.o

.debug_loc
 *(.debug_loc)

.debug_macinfo
 *(.debug_macinfo)

.debug_weaknames
 *(.debug_weaknames)

.debug_funcnames
 *(.debug_funcnames)

.debug_typenames
 *(.debug_typenames)

.debug_varnames
 *(.debug_varnames)

.debug_pubtypes
 *(.debug_pubtypes)

.debug_ranges
 *(.debug_ranges)

.debug_macro
 *(.debug_macro)
OUTPUT(CA8_part1_timers_millis.elf elf32-avr)
LOAD linker stubs
