Archive member included because of file (symbol)

p:/mhv-avr-tools/bin/../lib/gcc/avr/4.8.2/avr5\libgcc.a(_exit.o)
                              p:/mhv-avr-tools/bin/../lib/gcc/avr/4.8.2/../../../../avr/lib/avr5/crtm328p.o (exit)
p:/mhv-avr-tools/bin/../lib/gcc/avr/4.8.2/avr5\libgcc.a(_copy_data.o)
                              ./main.o (__do_copy_data)
p:/mhv-avr-tools/bin/../lib/gcc/avr/4.8.2/../../../../avr/lib/avr5\libc.a(sprintf.o)
                              ./main.o (sprintf)
p:/mhv-avr-tools/bin/../lib/gcc/avr/4.8.2/../../../../avr/lib/avr5\libc.a(vfprintf_std.o)
                              p:/mhv-avr-tools/bin/../lib/gcc/avr/4.8.2/../../../../avr/lib/avr5\libc.a(sprintf.o) (vfprintf)
p:/mhv-avr-tools/bin/../lib/gcc/avr/4.8.2/../../../../avr/lib/avr5\libc.a(strnlen_P.o)
                              p:/mhv-avr-tools/bin/../lib/gcc/avr/4.8.2/../../../../avr/lib/avr5\libc.a(vfprintf_std.o) (strnlen_P)
p:/mhv-avr-tools/bin/../lib/gcc/avr/4.8.2/../../../../avr/lib/avr5\libc.a(strnlen.o)
                              p:/mhv-avr-tools/bin/../lib/gcc/avr/4.8.2/../../../../avr/lib/avr5\libc.a(vfprintf_std.o) (strnlen)
p:/mhv-avr-tools/bin/../lib/gcc/avr/4.8.2/../../../../avr/lib/avr5\libc.a(fputc.o)
                              p:/mhv-avr-tools/bin/../lib/gcc/avr/4.8.2/../../../../avr/lib/avr5\libc.a(vfprintf_std.o) (fputc)
p:/mhv-avr-tools/bin/../lib/gcc/avr/4.8.2/../../../../avr/lib/avr5\libc.a(ultoa_invert.o)
                              p:/mhv-avr-tools/bin/../lib/gcc/avr/4.8.2/../../../../avr/lib/avr5\libc.a(vfprintf_std.o) (__ultoa_invert)
p:/mhv-avr-tools/bin/../lib/gcc/avr/4.8.2/avr5\libgcc.a(_prologue.o)
                              p:/mhv-avr-tools/bin/../lib/gcc/avr/4.8.2/../../../../avr/lib/avr5\libc.a(sprintf.o) (__prologue_saves__)
p:/mhv-avr-tools/bin/../lib/gcc/avr/4.8.2/avr5\libgcc.a(_epilogue.o)
                              p:/mhv-avr-tools/bin/../lib/gcc/avr/4.8.2/../../../../avr/lib/avr5\libc.a(sprintf.o) (__epilogue_restores__)

Memory Configuration

Name             Origin             Length             Attributes
text             0x00000000         0x00020000         xr
data             0x00800060         0x0000ffa0         rw !x
eeprom           0x00810000         0x00010000         rw !x
fuse             0x00820000         0x00000400         rw !x
lock             0x00830000         0x00000400         rw !x
signature        0x00840000         0x00000400         rw !x
*default*        0x00000000         0xffffffff

Linker script and memory map

Address of section .data set to 0x800100
LOAD p:/mhv-avr-tools/bin/../lib/gcc/avr/4.8.2/../../../../avr/lib/avr5/crtm328p.o
LOAD ./main.o
LOAD ./usart.o
START GROUP
LOAD p:/mhv-avr-tools/bin/../lib/gcc/avr/4.8.2/avr5\libgcc.a
LOAD p:/mhv-avr-tools/bin/../lib/gcc/avr/4.8.2/../../../../avr/lib/avr5\libm.a
LOAD p:/mhv-avr-tools/bin/../lib/gcc/avr/4.8.2/../../../../avr/lib/avr5\libc.a
END GROUP

.hash
 *(.hash)

.dynsym
 *(.dynsym)

.dynstr
 *(.dynstr)

.gnu.version
 *(.gnu.version)

.gnu.version_d
 *(.gnu.version_d)

.gnu.version_r
 *(.gnu.version_r)

.rel.init
 *(.rel.init)

.rela.init
 *(.rela.init)

.rel.text
 *(.rel.text)
 *(.rel.text.*)
 *(.rel.gnu.linkonce.t*)

.rela.text
 *(.rela.text)
 *(.rela.text.*)
 *(.rela.gnu.linkonce.t*)

.rel.fini
 *(.rel.fini)

.rela.fini
 *(.rela.fini)

.rel.rodata
 *(.rel.rodata)
 *(.rel.rodata.*)
 *(.rel.gnu.linkonce.r*)

.rela.rodata
 *(.rela.rodata)
 *(.rela.rodata.*)
 *(.rela.gnu.linkonce.r*)

.rel.data
 *(.rel.data)
 *(.rel.data.*)
 *(.rel.gnu.linkonce.d*)

.rela.data
 *(.rela.data)
 *(.rela.data.*)
 *(.rela.gnu.linkonce.d*)

.rel.ctors
 *(.rel.ctors)

.rela.ctors
 *(.rela.ctors)

.rel.dtors
 *(.rel.dtors)

.rela.dtors
 *(.rela.dtors)

.rel.got
 *(.rel.got)

.rela.got
 *(.rela.got)

.rel.bss
 *(.rel.bss)

.rela.bss
 *(.rela.bss)

.rel.plt
 *(.rel.plt)

.rela.plt
 *(.rela.plt)

.text           0x00000000      0x74c
 *(.vectors)
 .vectors       0x00000000       0x68 p:/mhv-avr-tools/bin/../lib/gcc/avr/4.8.2/../../../../avr/lib/avr5/crtm328p.o
                0x00000000                __vector_default
                0x00000000                __vectors
 *(.vectors)
 *(.progmem.gcc*)
                0x00000068                . = ALIGN (0x2)
                0x00000068                __trampolines_start = .
 *(.trampolines)
 .trampolines   0x00000068        0x0 linker stubs
 *(.trampolines*)
                0x00000068                __trampolines_end = .
 *(.progmem*)
                0x00000068                . = ALIGN (0x2)
 *(.jumptables)
 *(.jumptables*)
 *(.lowtext)
 *(.lowtext*)
                0x00000068                __ctors_start = .
 *(.ctors)
                0x00000068                __ctors_end = .
                0x00000068                __dtors_start = .
 *(.dtors)
                0x00000068                __dtors_end = .
 SORT(*)(.ctors)
 SORT(*)(.dtors)
 *(.init0)
 .init0         0x00000068        0x0 p:/mhv-avr-tools/bin/../lib/gcc/avr/4.8.2/../../../../avr/lib/avr5/crtm328p.o
                0x00000068                __init
 *(.init0)
 *(.init1)
 *(.init1)
 *(.init2)
 .init2         0x00000068        0xc p:/mhv-avr-tools/bin/../lib/gcc/avr/4.8.2/../../../../avr/lib/avr5/crtm328p.o
 *(.init2)
 *(.init3)
 *(.init3)
 *(.init4)
 .init4         0x00000074       0x16 p:/mhv-avr-tools/bin/../lib/gcc/avr/4.8.2/avr5\libgcc.a(_copy_data.o)
                0x00000074                __do_copy_data
 *(.init4)
 *(.init5)
 *(.init5)
 *(.init6)
 *(.init6)
 *(.init7)
 *(.init7)
 *(.init8)
 *(.init8)
 *(.init9)
 .init9         0x0000008a        0x8 p:/mhv-avr-tools/bin/../lib/gcc/avr/4.8.2/../../../../avr/lib/avr5/crtm328p.o
 *(.init9)
 *(.text)
 .text          0x00000092        0x4 p:/mhv-avr-tools/bin/../lib/gcc/avr/4.8.2/../../../../avr/lib/avr5/crtm328p.o
                0x00000092                __vector_22
                0x00000092                __vector_1
                0x00000092                __vector_24
                0x00000092                __vector_12
                0x00000092                __bad_interrupt
                0x00000092                __vector_6
                0x00000092                __vector_3
                0x00000092                __vector_23
                0x00000092                __vector_25
                0x00000092                __vector_11
                0x00000092                __vector_13
                0x00000092                __vector_17
                0x00000092                __vector_19
                0x00000092                __vector_7
                0x00000092                __vector_5
                0x00000092                __vector_4
                0x00000092                __vector_9
                0x00000092                __vector_2
                0x00000092                __vector_21
                0x00000092                __vector_15
                0x00000092                __vector_8
                0x00000092                __vector_14
                0x00000092                __vector_10
                0x00000092                __vector_16
                0x00000092                __vector_18
                0x00000092                __vector_20
 .text          0x00000096        0x0 ./main.o
 .text          0x00000096        0x0 ./usart.o
 .text          0x00000096        0x0 p:/mhv-avr-tools/bin/../lib/gcc/avr/4.8.2/avr5\libgcc.a(_exit.o)
 .text          0x00000096        0x0 p:/mhv-avr-tools/bin/../lib/gcc/avr/4.8.2/avr5\libgcc.a(_copy_data.o)
 .text          0x00000096        0x0 p:/mhv-avr-tools/bin/../lib/gcc/avr/4.8.2/../../../../avr/lib/avr5\libc.a(sprintf.o)
 .text          0x00000096        0x0 p:/mhv-avr-tools/bin/../lib/gcc/avr/4.8.2/../../../../avr/lib/avr5\libc.a(vfprintf_std.o)
 .text          0x00000096        0x0 p:/mhv-avr-tools/bin/../lib/gcc/avr/4.8.2/../../../../avr/lib/avr5\libc.a(strnlen_P.o)
 .text          0x00000096        0x0 p:/mhv-avr-tools/bin/../lib/gcc/avr/4.8.2/../../../../avr/lib/avr5\libc.a(strnlen.o)
 .text          0x00000096        0x0 p:/mhv-avr-tools/bin/../lib/gcc/avr/4.8.2/../../../../avr/lib/avr5\libc.a(fputc.o)
 .text          0x00000096        0x0 p:/mhv-avr-tools/bin/../lib/gcc/avr/4.8.2/../../../../avr/lib/avr5\libc.a(ultoa_invert.o)
 .text          0x00000096        0x0 p:/mhv-avr-tools/bin/../lib/gcc/avr/4.8.2/avr5\libgcc.a(_prologue.o)
 .text          0x00000096        0x0 p:/mhv-avr-tools/bin/../lib/gcc/avr/4.8.2/avr5\libgcc.a(_epilogue.o)
                0x00000096                . = ALIGN (0x2)
 *(.text.*)
 .text.startup.main
                0x00000096       0xa6 ./main.o
                0x00000096                main
 .text.usartInit
                0x0000013c       0x18 ./usart.o
                0x0000013c                usartInit
 .text.usartEnableRxInt
                0x00000154        0xc ./usart.o
                0x00000154                usartEnableRxInt
 .text.usartSendChar
                0x00000160        0xe ./usart.o
                0x00000160                usartSendChar
 .text.usartSendString
                0x0000016e       0x26 ./usart.o
                0x0000016e                usartSendString
 .text.usartCharReceived
                0x00000194        0xc ./usart.o
                0x00000194                usartCharReceived
 .text.usartReadChar
                0x000001a0        0x6 ./usart.o
                0x000001a0                usartReadChar
 .text.libgcc.mul
                0x000001a6        0x0 p:/mhv-avr-tools/bin/../lib/gcc/avr/4.8.2/avr5\libgcc.a(_exit.o)
 .text.libgcc.div
                0x000001a6        0x0 p:/mhv-avr-tools/bin/../lib/gcc/avr/4.8.2/avr5\libgcc.a(_exit.o)
 .text.libgcc   0x000001a6        0x0 p:/mhv-avr-tools/bin/../lib/gcc/avr/4.8.2/avr5\libgcc.a(_exit.o)
 .text.libgcc.prologue
                0x000001a6        0x0 p:/mhv-avr-tools/bin/../lib/gcc/avr/4.8.2/avr5\libgcc.a(_exit.o)
 .text.libgcc.builtins
                0x000001a6        0x0 p:/mhv-avr-tools/bin/../lib/gcc/avr/4.8.2/avr5\libgcc.a(_exit.o)
 .text.libgcc.fmul
                0x000001a6        0x0 p:/mhv-avr-tools/bin/../lib/gcc/avr/4.8.2/avr5\libgcc.a(_exit.o)
 .text.libgcc.fixed
                0x000001a6        0x0 p:/mhv-avr-tools/bin/../lib/gcc/avr/4.8.2/avr5\libgcc.a(_exit.o)
 .text.libgcc.mul
                0x000001a6        0x0 p:/mhv-avr-tools/bin/../lib/gcc/avr/4.8.2/avr5\libgcc.a(_copy_data.o)
 .text.libgcc.div
                0x000001a6        0x0 p:/mhv-avr-tools/bin/../lib/gcc/avr/4.8.2/avr5\libgcc.a(_copy_data.o)
 .text.libgcc   0x000001a6        0x0 p:/mhv-avr-tools/bin/../lib/gcc/avr/4.8.2/avr5\libgcc.a(_copy_data.o)
 .text.libgcc.prologue
                0x000001a6        0x0 p:/mhv-avr-tools/bin/../lib/gcc/avr/4.8.2/avr5\libgcc.a(_copy_data.o)
 .text.libgcc.builtins
                0x000001a6        0x0 p:/mhv-avr-tools/bin/../lib/gcc/avr/4.8.2/avr5\libgcc.a(_copy_data.o)
 .text.libgcc.fmul
                0x000001a6        0x0 p:/mhv-avr-tools/bin/../lib/gcc/avr/4.8.2/avr5\libgcc.a(_copy_data.o)
 .text.libgcc.fixed
                0x000001a6        0x0 p:/mhv-avr-tools/bin/../lib/gcc/avr/4.8.2/avr5\libgcc.a(_copy_data.o)
 .text.avr-libc
                0x000001a6       0x44 p:/mhv-avr-tools/bin/../lib/gcc/avr/4.8.2/../../../../avr/lib/avr5\libc.a(sprintf.o)
                0x000001a6                sprintf
 .text.avr-libc
                0x000001ea      0x3a4 p:/mhv-avr-tools/bin/../lib/gcc/avr/4.8.2/../../../../avr/lib/avr5\libc.a(vfprintf_std.o)
                0x000001ea                vfprintf
 .text.avr-libc
                0x0000058e       0x16 p:/mhv-avr-tools/bin/../lib/gcc/avr/4.8.2/../../../../avr/lib/avr5\libc.a(strnlen_P.o)
                0x0000058e                strnlen_P
 .text.avr-libc
                0x000005a4       0x16 p:/mhv-avr-tools/bin/../lib/gcc/avr/4.8.2/../../../../avr/lib/avr5\libc.a(strnlen.o)
                0x000005a4                strnlen
 .text.avr-libc
                0x000005ba       0x64 p:/mhv-avr-tools/bin/../lib/gcc/avr/4.8.2/../../../../avr/lib/avr5\libc.a(fputc.o)
                0x000005ba                fputc
 .text.avr-libc
                0x0000061e       0xbc p:/mhv-avr-tools/bin/../lib/gcc/avr/4.8.2/../../../../avr/lib/avr5\libc.a(ultoa_invert.o)
                0x0000061e                __ultoa_invert
 .text.libgcc.mul
                0x000006da        0x0 p:/mhv-avr-tools/bin/../lib/gcc/avr/4.8.2/avr5\libgcc.a(_prologue.o)
 .text.libgcc.div
                0x000006da        0x0 p:/mhv-avr-tools/bin/../lib/gcc/avr/4.8.2/avr5\libgcc.a(_prologue.o)
 .text.libgcc   0x000006da        0x0 p:/mhv-avr-tools/bin/../lib/gcc/avr/4.8.2/avr5\libgcc.a(_prologue.o)
 .text.libgcc.prologue
                0x000006da       0x38 p:/mhv-avr-tools/bin/../lib/gcc/avr/4.8.2/avr5\libgcc.a(_prologue.o)
                0x000006da                __prologue_saves__
 .text.libgcc.builtins
                0x00000712        0x0 p:/mhv-avr-tools/bin/../lib/gcc/avr/4.8.2/avr5\libgcc.a(_prologue.o)
 .text.libgcc.fmul
                0x00000712        0x0 p:/mhv-avr-tools/bin/../lib/gcc/avr/4.8.2/avr5\libgcc.a(_prologue.o)
 .text.libgcc.fixed
                0x00000712        0x0 p:/mhv-avr-tools/bin/../lib/gcc/avr/4.8.2/avr5\libgcc.a(_prologue.o)
 .text.libgcc.mul
                0x00000712        0x0 p:/mhv-avr-tools/bin/../lib/gcc/avr/4.8.2/avr5\libgcc.a(_epilogue.o)
 .text.libgcc.div
                0x00000712        0x0 p:/mhv-avr-tools/bin/../lib/gcc/avr/4.8.2/avr5\libgcc.a(_epilogue.o)
 .text.libgcc   0x00000712        0x0 p:/mhv-avr-tools/bin/../lib/gcc/avr/4.8.2/avr5\libgcc.a(_epilogue.o)
 .text.libgcc.prologue
                0x00000712       0x36 p:/mhv-avr-tools/bin/../lib/gcc/avr/4.8.2/avr5\libgcc.a(_epilogue.o)
                0x00000712                __epilogue_restores__
 .text.libgcc.builtins
                0x00000748        0x0 p:/mhv-avr-tools/bin/../lib/gcc/avr/4.8.2/avr5\libgcc.a(_epilogue.o)
 .text.libgcc.fmul
                0x00000748        0x0 p:/mhv-avr-tools/bin/../lib/gcc/avr/4.8.2/avr5\libgcc.a(_epilogue.o)
 .text.libgcc.fixed
                0x00000748        0x0 p:/mhv-avr-tools/bin/../lib/gcc/avr/4.8.2/avr5\libgcc.a(_epilogue.o)
                0x00000748                . = ALIGN (0x2)
 *(.fini9)
 .fini9         0x00000748        0x0 p:/mhv-avr-tools/bin/../lib/gcc/avr/4.8.2/avr5\libgcc.a(_exit.o)
                0x00000748                _exit
                0x00000748                exit
 *(.fini9)
 *(.fini8)
 *(.fini8)
 *(.fini7)
 *(.fini7)
 *(.fini6)
 *(.fini6)
 *(.fini5)
 *(.fini5)
 *(.fini4)
 *(.fini4)
 *(.fini3)
 *(.fini3)
 *(.fini2)
 *(.fini2)
 *(.fini1)
 *(.fini1)
 *(.fini0)
 .fini0         0x00000748        0x4 p:/mhv-avr-tools/bin/../lib/gcc/avr/4.8.2/avr5\libgcc.a(_exit.o)
 *(.fini0)
                0x0000074c                _etext = .

.data           0x00800100        0x4 load address 0x0000074c
                0x00800100                PROVIDE (__data_start, .)
 *(.data)
 .data          0x00800100        0x0 p:/mhv-avr-tools/bin/../lib/gcc/avr/4.8.2/../../../../avr/lib/avr5/crtm328p.o
 .data          0x00800100        0x0 ./main.o
 .data          0x00800100        0x0 ./usart.o
 .data          0x00800100        0x0 p:/mhv-avr-tools/bin/../lib/gcc/avr/4.8.2/avr5\libgcc.a(_exit.o)
 .data          0x00800100        0x0 p:/mhv-avr-tools/bin/../lib/gcc/avr/4.8.2/avr5\libgcc.a(_copy_data.o)
 .data          0x00800100        0x0 p:/mhv-avr-tools/bin/../lib/gcc/avr/4.8.2/../../../../avr/lib/avr5\libc.a(sprintf.o)
 .data          0x00800100        0x0 p:/mhv-avr-tools/bin/../lib/gcc/avr/4.8.2/../../../../avr/lib/avr5\libc.a(vfprintf_std.o)
 .data          0x00800100        0x0 p:/mhv-avr-tools/bin/../lib/gcc/avr/4.8.2/../../../../avr/lib/avr5\libc.a(strnlen_P.o)
 .data          0x00800100        0x0 p:/mhv-avr-tools/bin/../lib/gcc/avr/4.8.2/../../../../avr/lib/avr5\libc.a(strnlen.o)
 .data          0x00800100        0x0 p:/mhv-avr-tools/bin/../lib/gcc/avr/4.8.2/../../../../avr/lib/avr5\libc.a(fputc.o)
 .data          0x00800100        0x0 p:/mhv-avr-tools/bin/../lib/gcc/avr/4.8.2/../../../../avr/lib/avr5\libc.a(ultoa_invert.o)
 .data          0x00800100        0x0 p:/mhv-avr-tools/bin/../lib/gcc/avr/4.8.2/avr5\libgcc.a(_prologue.o)
 .data          0x00800100        0x0 p:/mhv-avr-tools/bin/../lib/gcc/avr/4.8.2/avr5\libgcc.a(_epilogue.o)
 *(.data*)
 *(.rodata)
 *(.rodata*)
 .rodata.str1.1
                0x00800100        0x3 ./main.o
 *(.gnu.linkonce.d*)
                0x00800104                . = ALIGN (0x2)
 *fill*         0x00800103        0x1 
                0x00800104                _edata = .
                0x00800104                PROVIDE (__data_end, .)

.bss            0x00800104        0x0
                0x00800104                PROVIDE (__bss_start, .)
 *(.bss)
 .bss           0x00800104        0x0 p:/mhv-avr-tools/bin/../lib/gcc/avr/4.8.2/../../../../avr/lib/avr5/crtm328p.o
 .bss           0x00800104        0x0 ./main.o
 .bss           0x00800104        0x0 ./usart.o
 .bss           0x00800104        0x0 p:/mhv-avr-tools/bin/../lib/gcc/avr/4.8.2/avr5\libgcc.a(_exit.o)
 .bss           0x00800104        0x0 p:/mhv-avr-tools/bin/../lib/gcc/avr/4.8.2/avr5\libgcc.a(_copy_data.o)
 .bss           0x00800104        0x0 p:/mhv-avr-tools/bin/../lib/gcc/avr/4.8.2/../../../../avr/lib/avr5\libc.a(sprintf.o)
 .bss           0x00800104        0x0 p:/mhv-avr-tools/bin/../lib/gcc/avr/4.8.2/../../../../avr/lib/avr5\libc.a(vfprintf_std.o)
 .bss           0x00800104        0x0 p:/mhv-avr-tools/bin/../lib/gcc/avr/4.8.2/../../../../avr/lib/avr5\libc.a(strnlen_P.o)
 .bss           0x00800104        0x0 p:/mhv-avr-tools/bin/../lib/gcc/avr/4.8.2/../../../../avr/lib/avr5\libc.a(strnlen.o)
 .bss           0x00800104        0x0 p:/mhv-avr-tools/bin/../lib/gcc/avr/4.8.2/../../../../avr/lib/avr5\libc.a(fputc.o)
 .bss           0x00800104        0x0 p:/mhv-avr-tools/bin/../lib/gcc/avr/4.8.2/../../../../avr/lib/avr5\libc.a(ultoa_invert.o)
 .bss           0x00800104        0x0 p:/mhv-avr-tools/bin/../lib/gcc/avr/4.8.2/avr5\libgcc.a(_prologue.o)
 .bss           0x00800104        0x0 p:/mhv-avr-tools/bin/../lib/gcc/avr/4.8.2/avr5\libgcc.a(_epilogue.o)
 *(.bss*)
 *(COMMON)
                0x00800104                PROVIDE (__bss_end, .)
                0x0000074c                __data_load_start = LOADADDR (.data)
                0x00000750                __data_load_end = (__data_load_start + SIZEOF (.data))

.noinit         0x00800104        0x0
                0x00800104                PROVIDE (__noinit_start, .)
 *(.noinit*)
                0x00800104                PROVIDE (__noinit_end, .)
                0x00800104                _end = .
                0x00800104                PROVIDE (__heap_start, .)

.eeprom         0x00810000        0x0
 *(.eeprom*)
                0x00810000                __eeprom_end = .

.fuse
 *(.fuse)
 *(.lfuse)
 *(.hfuse)
 *(.efuse)

.lock
 *(.lock*)

.signature
 *(.signature*)

.stab           0x00000000      0xa20
 *(.stab)
 .stab          0x00000000      0x5e8 ./main.o
 .stab          0x000005e8      0x438 ./usart.o
                                0x600 (size before relaxing)

.stabstr        0x00000000      0xe46
 *(.stabstr)
 .stabstr       0x00000000      0xe46 ./main.o

.stab.excl
 *(.stab.excl)

.stab.exclstr
 *(.stab.exclstr)

.stab.index
 *(.stab.index)

.stab.indexstr
 *(.stab.indexstr)

.comment        0x00000000       0x27
 *(.comment)
 .comment       0x00000000       0x27 ./main.o
                                 0x28 (size before relaxing)
 .comment       0x00000000       0x28 ./usart.o
 .comment       0x00000000       0x28 p:/mhv-avr-tools/bin/../lib/gcc/avr/4.8.2/../../../../avr/lib/avr5\libc.a(sprintf.o)
 .comment       0x00000000       0x28 p:/mhv-avr-tools/bin/../lib/gcc/avr/4.8.2/../../../../avr/lib/avr5\libc.a(vfprintf_std.o)
 .comment       0x00000000       0x28 p:/mhv-avr-tools/bin/../lib/gcc/avr/4.8.2/../../../../avr/lib/avr5\libc.a(fputc.o)

.note.gnu.build-id
 *(.note.gnu.build-id)

.debug
 *(.debug)

.line
 *(.line)

.debug_srcinfo
 *(.debug_srcinfo)

.debug_sfnames
 *(.debug_sfnames)

.debug_aranges  0x00000000       0x80
 *(.debug_aranges)
 .debug_aranges
                0x00000000       0x20 p:/mhv-avr-tools/bin/../lib/gcc/avr/4.8.2/avr5\libgcc.a(_exit.o)
 .debug_aranges
                0x00000020       0x20 p:/mhv-avr-tools/bin/../lib/gcc/avr/4.8.2/avr5\libgcc.a(_copy_data.o)
 .debug_aranges
                0x00000040       0x20 p:/mhv-avr-tools/bin/../lib/gcc/avr/4.8.2/avr5\libgcc.a(_prologue.o)
 .debug_aranges
                0x00000060       0x20 p:/mhv-avr-tools/bin/../lib/gcc/avr/4.8.2/avr5\libgcc.a(_epilogue.o)

.debug_pubnames
 *(.debug_pubnames)

.debug_info     0x00000000      0x868
 *(.debug_info .gnu.linkonce.wi.*)
 .debug_info    0x00000000      0x5f4 p:/mhv-avr-tools/bin/../lib/gcc/avr/4.8.2/../../../../avr/lib/avr5/crtm328p.o
 .debug_info    0x000005f4       0x9d p:/mhv-avr-tools/bin/../lib/gcc/avr/4.8.2/avr5\libgcc.a(_exit.o)
 .debug_info    0x00000691       0x9d p:/mhv-avr-tools/bin/../lib/gcc/avr/4.8.2/avr5\libgcc.a(_copy_data.o)
 .debug_info    0x0000072e       0x9d p:/mhv-avr-tools/bin/../lib/gcc/avr/4.8.2/avr5\libgcc.a(_prologue.o)
 .debug_info    0x000007cb       0x9d p:/mhv-avr-tools/bin/../lib/gcc/avr/4.8.2/avr5\libgcc.a(_epilogue.o)

.debug_abbrev   0x00000000      0x5f2
 *(.debug_abbrev)
 .debug_abbrev  0x00000000      0x5a2 p:/mhv-avr-tools/bin/../lib/gcc/avr/4.8.2/../../../../avr/lib/avr5/crtm328p.o
 .debug_abbrev  0x000005a2       0x14 p:/mhv-avr-tools/bin/../lib/gcc/avr/4.8.2/avr5\libgcc.a(_exit.o)
 .debug_abbrev  0x000005b6       0x14 p:/mhv-avr-tools/bin/../lib/gcc/avr/4.8.2/avr5\libgcc.a(_copy_data.o)
 .debug_abbrev  0x000005ca       0x14 p:/mhv-avr-tools/bin/../lib/gcc/avr/4.8.2/avr5\libgcc.a(_prologue.o)
 .debug_abbrev  0x000005de       0x14 p:/mhv-avr-tools/bin/../lib/gcc/avr/4.8.2/avr5\libgcc.a(_epilogue.o)

.debug_line     0x00000000      0x1fe
 *(.debug_line .debug_line.* .debug_line_end)
 .debug_line    0x00000000       0x1a p:/mhv-avr-tools/bin/../lib/gcc/avr/4.8.2/../../../../avr/lib/avr5/crtm328p.o
 .debug_line    0x0000001a       0x69 p:/mhv-avr-tools/bin/../lib/gcc/avr/4.8.2/avr5\libgcc.a(_exit.o)
 .debug_line    0x00000083       0x72 p:/mhv-avr-tools/bin/../lib/gcc/avr/4.8.2/avr5\libgcc.a(_copy_data.o)
 .debug_line    0x000000f5       0x85 p:/mhv-avr-tools/bin/../lib/gcc/avr/4.8.2/avr5\libgcc.a(_prologue.o)
 .debug_line    0x0000017a       0x84 p:/mhv-avr-tools/bin/../lib/gcc/avr/4.8.2/avr5\libgcc.a(_epilogue.o)

.debug_frame
 *(.debug_frame)

.debug_str      0x00000000      0x20b
 *(.debug_str)
 .debug_str     0x00000000      0x20b p:/mhv-avr-tools/bin/../lib/gcc/avr/4.8.2/../../../../avr/lib/avr5/crtm328p.o

.debug_loc
 *(.debug_loc)

.debug_macinfo
 *(.debug_macinfo)

.debug_weaknames
 *(.debug_weaknames)

.debug_funcnames
 *(.debug_funcnames)

.debug_typenames
 *(.debug_typenames)

.debug_varnames
 *(.debug_varnames)

.debug_pubtypes
 *(.debug_pubtypes)

.debug_ranges
 *(.debug_ranges)

.debug_macro
 *(.debug_macro)
OUTPUT(zzzadc.elf elf32-avr)
LOAD linker stubs
